main.c:105:5:main	128	static
main.c:212:6:SystemClock_Config	160	static
main.c:258:13:MX_SPI1_Init	8	static
main.c:298:13:MX_TIM2_Init	40	static
main.c:343:13:MX_USART2_UART_Init	8	static
main.c:378:13:MX_GPIO_Init	40	static
main.c:418:6:generateMsg	16	static
main.c:426:6:TimerDelay	16	static
main.c:441:6:startSensor	8	static
main.c:453:10:calculateDistance	24	static
main.c:469:6:strtForward	8	static
main.c:478:6:reverse	8	static
main.c:490:6:turnLeft	8	static
main.c:498:6:maneuverObstacle	8	static
main.c:511:6:Error_Handler	4	static
